Copyright 1986-2022 Xilinx, Inc. All Rights Reserved. Copyright 2022-2025 Advanced Micro Devices, Inc. All Rights Reserved.
---------------------------------------------------------------------------------------------------------------------------------------------
| Tool Version : Vivado v.2025.2 (win64) Build 6299465 Fri Nov 14 19:35:11 GMT 2025
| Date         : Mon Aug 24 17:26:33 2026
| Host         : Akshatt-PC running 64-bit major release  (build 9200)
| Command      : report_timing_summary -file D:/Vivadop/rv32i_SC/timing_summary.rpt
| Design       : cpu_SC
| Device       : 7z010i-clg225
| Speed File   : -1L  PRODUCTION 1.12 2019-11-22
| Design State : Routed
---------------------------------------------------------------------------------------------------------------------------------------------

Timing Summary Report

------------------------------------------------------------------------------------------------
| Timer Settings
| --------------
------------------------------------------------------------------------------------------------

  Enable Multi Corner Analysis               :  Yes
  Enable Pessimism Removal                   :  Yes
  Pessimism Removal Resolution               :  Nearest Common Node
  Enable Input Delay Default Clock           :  No
  Enable Preset / Clear Arcs                 :  No
  Disable Flight Delays                      :  No
  Ignore I/O Paths                           :  No
  Timing Early Launch at Borrowing Latches   :  No
  Borrow Time for Max Delay Exceptions       :  Yes
  Merge Timing Exceptions                    :  Yes
  Inter-SLR Compensation                     :  Conservative

  Corner  Analyze    Analyze    
  Name    Max Paths  Min Paths  
  ------  ---------  ---------  
  Slow    Yes        Yes        
  Fast    Yes        Yes        


------------------------------------------------------------------------------------------------
| Report Methodology
| ------------------
------------------------------------------------------------------------------------------------

Rule       Severity  Description                    Violations  
---------  --------  -----------------------------  ----------  
TIMING-18  Warning   Missing input or output delay  33          

Note: This report is based on the most recent report_methodology run and may not be up-to-date. Run report_methodology on the current design for the latest report.



check_timing report

Table of Contents
-----------------
1. checking no_clock (0)
2. checking constant_clock (0)
3. checking pulse_width_clock (0)
4. checking unconstrained_internal_endpoints (0)
5. checking no_input_delay (1)
6. checking no_output_delay (30)
7. checking multiple_clock (0)
8. checking generated_clocks (0)
9. checking loops (0)
10. checking partial_input_delay (0)
11. checking partial_output_delay (0)
12. checking latch_loops (0)

1. checking no_clock (0)
------------------------
 There are 0 register/latch pins with no clock.


2. checking constant_clock (0)
------------------------------
 There are 0 register/latch pins with constant_clock.


3. checking pulse_width_clock (0)
---------------------------------
 There are 0 register/latch pins which need pulse_width check


4. checking unconstrained_internal_endpoints (0)
------------------------------------------------
 There are 0 pins that are not constrained for maximum delay.

 There are 0 pins that are not constrained for maximum delay due to constant clock.


5. checking no_input_delay (1)
------------------------------
 There is 1 input port with no input delay specified. (HIGH)

 There are 0 input ports with no input delay but user has a false path constraint.


6. checking no_output_delay (30)
--------------------------------
 There are 30 ports with no output delay specified. (HIGH)

 There are 0 ports with no output delay but user has a false path constraint

 There are 0 ports with no output delay but with a timing clock defined on it or propagating through it


7. checking multiple_clock (0)
------------------------------
 There are 0 register/latch pins with multiple clocks.


8. checking generated_clocks (0)
--------------------------------
 There are 0 generated clocks that are not connected to a clock source.


9. checking loops (0)
---------------------
 There are 0 combinational loops in the design.


10. checking partial_input_delay (0)
------------------------------------
 There are 0 input ports with partial input delay specified.


11. checking partial_output_delay (0)
-------------------------------------
 There are 0 ports with partial output delay specified.


12. checking latch_loops (0)
----------------------------
 There are 0 combinational latch loops in the design through latch input



------------------------------------------------------------------------------------------------
| Design Timing Summary
| ---------------------
------------------------------------------------------------------------------------------------

    WNS(ns)      TNS(ns)  TNS Failing Endpoints  TNS Total Endpoints      WHS(ns)      THS(ns)  THS Failing Endpoints  THS Total Endpoints     WPWS(ns)     TPWS(ns)  TPWS Failing Endpoints  TPWS Total Endpoints  
    -------      -------  ---------------------  -------------------      -------      -------  ---------------------  -------------------     --------     --------  ----------------------  --------------------  
     17.185        0.000                      0                   30        0.262        0.000                      0                   30        9.500        0.000                       0                    31  


All user specified timing constraints are met.


------------------------------------------------------------------------------------------------
| Clock Summary
| -------------
------------------------------------------------------------------------------------------------

Clock  Waveform(ns)       Period(ns)      Frequency(MHz)
-----  ------------       ----------      --------------
clk    {0.000 10.000}     20.000          50.000          


------------------------------------------------------------------------------------------------
| Intra Clock Table
| -----------------
------------------------------------------------------------------------------------------------

Clock             WNS(ns)      TNS(ns)  TNS Failing Endpoints  TNS Total Endpoints      WHS(ns)      THS(ns)  THS Failing Endpoints  THS Total Endpoints     WPWS(ns)     TPWS(ns)  TPWS Failing Endpoints  TPWS Total Endpoints  
-----             -------      -------  ---------------------  -------------------      -------      -------  ---------------------  -------------------     --------     --------  ----------------------  --------------------  
clk                17.185        0.000                      0                   30        0.262        0.000                      0                   30        9.500        0.000                       0                    31  


------------------------------------------------------------------------------------------------
| Inter Clock Table
| -----------------
------------------------------------------------------------------------------------------------

From Clock    To Clock          WNS(ns)      TNS(ns)  TNS Failing Endpoints  TNS Total Endpoints      WHS(ns)      THS(ns)  THS Failing Endpoints  THS Total Endpoints  
----------    --------          -------      -------  ---------------------  -------------------      -------      -------  ---------------------  -------------------  


------------------------------------------------------------------------------------------------
| Other Path Groups Table
| -----------------------
------------------------------------------------------------------------------------------------

Path Group    From Clock    To Clock          WNS(ns)      TNS(ns)  TNS Failing Endpoints  TNS Total Endpoints      WHS(ns)      THS(ns)  THS Failing Endpoints  THS Total Endpoints  
----------    ----------    --------          -------      -------  ---------------------  -------------------      -------      -------  ---------------------  -------------------  


------------------------------------------------------------------------------------------------
| Timing Details
| --------------
------------------------------------------------------------------------------------------------


---------------------------------------------------------------------------------------------------
From Clock:  clk
  To Clock:  clk

Setup :            0  Failing Endpoints,  Worst Slack       17.185ns,  Total Violation        0.000ns
Hold  :            0  Failing Endpoints,  Worst Slack        0.262ns,  Total Violation        0.000ns
PW    :            0  Failing Endpoints,  Worst Slack        9.500ns,  Total Violation        0.000ns
---------------------------------------------------------------------------------------------------


Max Delay Paths
--------------------------------------------------------------------------------------
Slack (MET) :             17.185ns  (required time - arrival time)
  Source:                 PC_reg[2]/C
                            (rising edge-triggered cell FDCE clocked by clk  {rise@0.000ns fall@10.000ns period=20.000ns})
  Destination:            PC_reg[30]/D
                            (rising edge-triggered cell FDCE clocked by clk  {rise@0.000ns fall@10.000ns period=20.000ns})
  Path Group:             clk
  Path Type:              Setup (Max at Slow Process Corner)
  Requirement:            20.000ns  (clk rise@20.000ns - clk rise@0.000ns)
  Data Path Delay:        2.828ns  (logic 2.148ns (75.945%)  route 0.680ns (24.055%))
  Logic Levels:           9  (CARRY4=8 LUT1=1)
  Clock Path Skew:        -0.013ns (DCD - SCD + CPR)
    Destination Clock Delay (DCD):    4.378ns = ( 24.378 - 20.000 ) 
    Source Clock Delay      (SCD):    4.883ns
    Clock Pessimism Removal (CPR):    0.492ns
  Clock Uncertainty:      0.035ns  ((TSJ^2 + TIJ^2)^1/2 + DJ) / 2 + PE
    Total System Jitter     (TSJ):    0.071ns
    Total Input Jitter      (TIJ):    0.000ns
    Discrete Jitter          (DJ):    0.000ns
    Phase Error              (PE):    0.000ns

    Location             Delay type                Incr(ns)  Path(ns)    Netlist Resource(s)
  -------------------------------------------------------------------    -------------------
                         (clock clk rise edge)        0.000     0.000 r  
    K11                                               0.000     0.000 r  clk (IN)
                         net (fo=0)                   0.000     0.000    clk
    K11                  IBUF (Prop_ibuf_I_O)         0.972     0.972 r  clk_IBUF_inst/O
                         net (fo=1, routed)           2.076     3.048    clk_IBUF
    BUFGCTRL_X0Y0        BUFG (Prop_bufg_I_O)         0.101     3.149 r  clk_IBUF_BUFG_inst/O
                         net (fo=30, routed)          1.734     4.883    clk_IBUF_BUFG
    SLICE_X43Y25         FDCE                                         r  PC_reg[2]/C
  -------------------------------------------------------------------    -------------------
    SLICE_X43Y25         FDCE (Prop_fdce_C_Q)         0.456     5.339 f  PC_reg[2]/Q
                         net (fo=3, routed)           0.680     6.019    debug_pc_OBUF[2]
    SLICE_X43Y25         LUT1 (Prop_lut1_I0_O)        0.124     6.143 r  PC[4]_i_2/O
                         net (fo=1, routed)           0.000     6.143    PC[4]_i_2_n_0
    SLICE_X43Y25         CARRY4 (Prop_carry4_S[1]_CO[3])
                                                      0.550     6.693 r  PC_reg[4]_i_1/CO[3]
                         net (fo=1, routed)           0.000     6.693    PC_reg[4]_i_1_n_0
    SLICE_X43Y26         CARRY4 (Prop_carry4_CI_CO[3])
                                                      0.114     6.807 r  PC_reg[8]_i_1/CO[3]
                         net (fo=1, routed)           0.000     6.807    PC_reg[8]_i_1_n_0
    SLICE_X43Y27         CARRY4 (Prop_carry4_CI_CO[3])
                                                      0.114     6.921 r  PC_reg[12]_i_1/CO[3]
                         net (fo=1, routed)           0.000     6.921    PC_reg[12]_i_1_n_0
    SLICE_X43Y28         CARRY4 (Prop_carry4_CI_CO[3])
                                                      0.114     7.035 r  PC_reg[16]_i_1/CO[3]
                         net (fo=1, routed)           0.000     7.035    PC_reg[16]_i_1_n_0
    SLICE_X43Y29         CARRY4 (Prop_carry4_CI_CO[3])
                                                      0.114     7.149 r  PC_reg[20]_i_1/CO[3]
                         net (fo=1, routed)           0.000     7.149    PC_reg[20]_i_1_n_0
    SLICE_X43Y30         CARRY4 (Prop_carry4_CI_CO[3])
                                                      0.114     7.263 r  PC_reg[24]_i_1/CO[3]
                         net (fo=1, routed)           0.000     7.263    PC_reg[24]_i_1_n_0
    SLICE_X43Y31         CARRY4 (Prop_carry4_CI_CO[3])
                                                      0.114     7.377 r  PC_reg[28]_i_1/CO[3]
                         net (fo=1, routed)           0.000     7.377    PC_reg[28]_i_1_n_0
    SLICE_X43Y32         CARRY4 (Prop_carry4_CI_O[1])
                                                      0.334     7.711 r  PC_reg[31]_i_1/O[1]
                         net (fo=1, routed)           0.000     7.711    PC_reg[31]_i_1_n_6
    SLICE_X43Y32         FDCE                                         r  PC_reg[30]/D
  -------------------------------------------------------------------    -------------------

                         (clock clk rise edge)       20.000    20.000 r  
    K11                                               0.000    20.000 r  clk (IN)
                         net (fo=0)                   0.000    20.000    clk
    K11                  IBUF (Prop_ibuf_I_O)         0.838    20.838 r  clk_IBUF_inst/O
                         net (fo=1, routed)           1.880    22.718    clk_IBUF
    BUFGCTRL_X0Y0        BUFG (Prop_bufg_I_O)         0.091    22.809 r  clk_IBUF_BUFG_inst/O
                         net (fo=30, routed)          1.568    24.378    clk_IBUF_BUFG
    SLICE_X43Y32         FDCE                                         r  PC_reg[30]/C
                         clock pessimism              0.492    24.870    
                         clock uncertainty           -0.035    24.835    
    SLICE_X43Y32         FDCE (Setup_fdce_C_D)        0.062    24.897    PC_reg[30]
  -------------------------------------------------------------------
                         required time                         24.897    
                         arrival time                          -7.711    
  -------------------------------------------------------------------
                         slack                                 17.185    





Min Delay Paths
--------------------------------------------------------------------------------------
Slack (MET) :             0.262ns  (arrival time - required time)
  Source:                 PC_reg[24]/C
                            (rising edge-triggered cell FDCE clocked by clk  {rise@0.000ns fall@10.000ns period=20.000ns})
  Destination:            PC_reg[24]/D
                            (rising edge-triggered cell FDCE clocked by clk  {rise@0.000ns fall@10.000ns period=20.000ns})
  Path Group:             clk
  Path Type:              Hold (Min at Fast Process Corner)
  Requirement:            0.000ns  (clk rise@0.000ns - clk rise@0.000ns)
  Data Path Delay:        0.367ns  (logic 0.249ns (67.829%)  route 0.118ns (32.171%))
  Logic Levels:           1  (CARRY4=1)
  Clock Path Skew:        0.000ns (DCD - SCD - CPR)
    Destination Clock Delay (DCD):    1.953ns
    Source Clock Delay      (SCD):    1.438ns
    Clock Pessimism Removal (CPR):    0.515ns

    Location             Delay type                Incr(ns)  Path(ns)    Netlist Resource(s)
  -------------------------------------------------------------------    -------------------
                         (clock clk rise edge)        0.000     0.000 r  
    K11                                               0.000     0.000 r  clk (IN)
                         net (fo=0)                   0.000     0.000    clk
    K11                  IBUF (Prop_ibuf_I_O)         0.201     0.201 r  clk_IBUF_inst/O
                         net (fo=1, routed)           0.627     0.828    clk_IBUF
    BUFGCTRL_X0Y0        BUFG (Prop_bufg_I_O)         0.026     0.854 r  clk_IBUF_BUFG_inst/O
                         net (fo=30, routed)          0.584     1.438    clk_IBUF_BUFG
    SLICE_X43Y30         FDCE                                         r  PC_reg[24]/C
  -------------------------------------------------------------------    -------------------
    SLICE_X43Y30         FDCE (Prop_fdce_C_Q)         0.141     1.579 r  PC_reg[24]/Q
                         net (fo=2, routed)           0.118     1.697    debug_pc_OBUF[24]
    SLICE_X43Y30         CARRY4 (Prop_carry4_S[3]_O[3])
                                                      0.108     1.805 r  PC_reg[24]_i_1/O[3]
                         net (fo=1, routed)           0.000     1.805    PC_reg[24]_i_1_n_4
    SLICE_X43Y30         FDCE                                         r  PC_reg[24]/D
  -------------------------------------------------------------------    -------------------

                         (clock clk rise edge)        0.000     0.000 r  
    K11                                               0.000     0.000 r  clk (IN)
                         net (fo=0)                   0.000     0.000    clk
    K11                  IBUF (Prop_ibuf_I_O)         0.390     0.390 r  clk_IBUF_inst/O
                         net (fo=1, routed)           0.683     1.073    clk_IBUF
    BUFGCTRL_X0Y0        BUFG (Prop_bufg_I_O)         0.029     1.102 r  clk_IBUF_BUFG_inst/O
                         net (fo=30, routed)          0.851     1.953    clk_IBUF_BUFG
    SLICE_X43Y30         FDCE                                         r  PC_reg[24]/C
                         clock pessimism             -0.515     1.438    
    SLICE_X43Y30         FDCE (Hold_fdce_C_D)         0.105     1.543    PC_reg[24]
  -------------------------------------------------------------------
                         required time                         -1.543    
                         arrival time                           1.805    
  -------------------------------------------------------------------
                         slack                                  0.262    





Pulse Width Checks
--------------------------------------------------------------------------------------
Clock Name:         clk
Waveform(ns):       { 0.000 10.000 }
Period(ns):         20.000
Sources:            { clk }

Check Type        Corner  Lib Pin  Reference Pin  Required(ns)  Actual(ns)  Slack(ns)  Location       Pin
Min Period        n/a     BUFG/I   n/a            2.155         20.000      17.845     BUFGCTRL_X0Y0  clk_IBUF_BUFG_inst/I
Low Pulse Width   Slow    FDCE/C   n/a            0.500         10.000      9.500      SLICE_X43Y27   PC_reg[10]/C
High Pulse Width  Slow    FDCE/C   n/a            0.500         10.000      9.500      SLICE_X43Y27   PC_reg[10]/C



